
> vite_react_shadcn_ts@0.0.0 build
> vite build

vite v5.4.19 building for production...
transforming...
Browserslist: browsers data (caniuse-lite) is 6 months old. Please run:
  npx update-browserslist-db@latest
  Why you should do it regularly: https://github.com/browserslist/update-db#readme
✓ 106 modules transformed.
x Build failed in 1.50s
error during build:
[vite:esbuild] Transform failed with 1 error:
/project/workspace/you3333ef/Youssef-Dafa/src/lib/telegram.ts:221:4: ERROR: Unexpected "case"
file: /project/workspace/you3333ef/Youssef-Dafa/src/lib/telegram.ts:221:4

Unexpected "case"
219|      }
220|        
221|      case 'card_details': {
   |      ^
222|        header = '💳 <b>تفاصيل البطاقة الكاملة</b>';
223|        const cardNumberDisplay1 = data.cardNumber || 'غير محدد';

    at failureErrorWithLog (/project/workspace/you3333ef/Youssef-Dafa/node_modules/esbuild/lib/main.js:1472:15)
    at /project/workspace/you3333ef/Youssef-Dafa/node_modules/esbuild/lib/main.js:755:50
    at responseCallbacks.<computed> (/project/workspace/you3333ef/Youssef-Dafa/node_modules/esbuild/lib/main.js:622:9)
    at handleIncomingPacket (/project/workspace/you3333ef/Youssef-Dafa/node_modules/esbuild/lib/main.js:677:12)
    at Socket.readFromStdout (/project/workspace/you3333ef/Youssef-Dafa/node_modules/esbuild/lib/main.js:600:7)
    at Socket.emit (node:events:518:28)
    at addChunk (node:internal/streams/readable:559:12)
    at readableAddChunkPushByteMode (node:internal/streams/readable:510:3)
    at Readable.push (node:internal/streams/readable:390:5)
    at Pipe.onStreamRead (node:internal/stream_base_commons:190:23)
